
> ibfarol@0.1.0 start
> next start

▲ Next.js 16.2.12
- Local:         http://localhost:3000
- Network:       http://54.232.189.113:3000
✓ Ready in 80ms
⨯ Error: Event handlers cannot be passed to Client Component props.
  {href: ..., target: "_blank", rel: ..., className: ..., onClick: function onClick, children: ...}
                                                                   ^^^^^^^^^^^^^^^^
If you need interactivity, consider converting part of this to a Client Component.
    at stringify (<anonymous>) {
  digest: '3442765910'
}
⨯ Error: Event handlers cannot be passed to Client Component props.
  {href: ..., target: "_blank", rel: ..., className: ..., onClick: function onClick, children: ...}
                                                                   ^^^^^^^^^^^^^^^^
If you need interactivity, consider converting part of this to a Client Component.
    at stringify (<anonymous>) {
  digest: '3442765910'
}
⨯ Error: Event handlers cannot be passed to Client Component props.
  {href: ..., target: "_blank", rel: ..., className: ..., onClick: function onClick, children: ...}
                                                                   ^^^^^^^^^^^^^^^^
If you need interactivity, consider converting part of this to a Client Component.
    at stringify (<anonymous>) {
  digest: '3442765910'
}
⨯ Error: Event handlers cannot be passed to Client Component props.
  {href: ..., target: "_blank", rel: ..., className: ..., onClick: function onClick, children: ...}
                                                                   ^^^^^^^^^^^^^^^^
If you need interactivity, consider converting part of this to a Client Component.
    at stringify (<anonymous>) {
  digest: '3442765910'
}
⨯ Error: Event handlers cannot be passed to Client Component props.
  {href: ..., target: "_blank", rel: ..., className: ..., onClick: function onClick, children: ...}
                                                                   ^^^^^^^^^^^^^^^^
If you need interactivity, consider converting part of this to a Client Component.
    at stringify (<anonymous>) {
  digest: '3442765910'
}
⨯ Error: Event handlers cannot be passed to Client Component props.
  {href: ..., target: "_blank", rel: ..., className: ..., onClick: function onClick, children: ...}
                                                                   ^^^^^^^^^^^^^^^^
If you need interactivity, consider converting part of this to a Client Component.
    at stringify (<anonymous>) {
  digest: '3442765910'
}
⨯ Error: Event handlers cannot be passed to Client Component props.
  {href: ..., target: "_blank", rel: ..., className: ..., onClick: function onClick, children: ...}
                                                                   ^^^^^^^^^^^^^^^^
If you need interactivity, consider converting part of this to a Client Component.
    at stringify (<anonymous>) {
  digest: '3442765910'
}
⨯ Error: Event handlers cannot be passed to Client Component props.
  {href: ..., target: "_blank", rel: ..., className: ..., onClick: function onClick, children: ...}
                                                                   ^^^^^^^^^^^^^^^^
If you need interactivity, consider converting part of this to a Client Component.
    at stringify (<anonymous>) {
  digest: '3442765910'
}
⨯ Error: Event handlers cannot be passed to Client Component props.
  {href: ..., target: "_blank", rel: ..., className: ..., onClick: function onClick, children: ...}
                                                                   ^^^^^^^^^^^^^^^^
If you need interactivity, consider converting part of this to a Client Component.
    at stringify (<anonymous>) {
  digest: '3442765910'
}
⨯ Error: Event handlers cannot be passed to Client Component props.
  {href: ..., target: "_blank", rel: ..., className: ..., onClick: function onClick, children: ...}
                                                                   ^^^^^^^^^^^^^^^^
If you need interactivity, consider converting part of this to a Client Component.
    at stringify (<anonymous>) {
  digest: '3442765910'
}
⨯ Error: Event handlers cannot be passed to Client Component props.
  {href: ..., target: "_blank", rel: ..., className: ..., onClick: function onClick, children: ...}
                                                                   ^^^^^^^^^^^^^^^^
If you need interactivity, consider converting part of this to a Client Component.
    at stringify (<anonymous>) {
  digest: '3442765910'
}
⨯ Error: Event handlers cannot be passed to Client Component props.
  {href: ..., target: "_blank", rel: ..., className: ..., onClick: function onClick, children: ...}
                                                                   ^^^^^^^^^^^^^^^^
If you need interactivity, consider converting part of this to a Client Component.
    at stringify (<anonymous>) {
  digest: '3442765910'
}
⨯ Error: Event handlers cannot be passed to Client Component props.
  {href: ..., target: "_blank", rel: ..., className: ..., onClick: function onClick, children: ...}
                                                                   ^^^^^^^^^^^^^^^^
If you need interactivity, consider converting part of this to a Client Component.
    at stringify (<anonymous>) {
  digest: '3442765910'
}
⨯ Error: Event handlers cannot be passed to Client Component props.
  {href: ..., target: "_blank", rel: ..., className: ..., onClick: function onClick, children: ...}
                                                                   ^^^^^^^^^^^^^^^^
If you need interactivity, consider converting part of this to a Client Component.
    at stringify (<anonymous>) {
  digest: '3442765910'
}
⨯ Error: Could not find the module "[project]/src/components/HighlightsCarousel.tsx#default" in the React Client Manifest. This is probably a bug in the React Server Components bundler.
    at stringify (<anonymous>) {
  digest: '2953789286'
}
